// Jest Snapshot v1, https://goo.gl/fbAQLP

exports[`Error renders correctly 1`] = `
<div>
  Uh oh! Something went a little wrong: 
  <br />
  <br />
  <div
    className="error"
  >
    Error:
    : 
    Could not authenticate you
  </div>
</div>
`;
